[?7h[40m[2J[8C[0m‹[1m‹€ﬂﬂ[47mﬂ[40m€[0m‹[1m‹€ﬂﬂ[47mﬂ[40m€ [0m€[1m€€€€ﬂ[0mﬂ[1;47mﬂ[40m€[0m€[1m€€€€ﬂ
[0;36m‹€€€€€€ [37m€[1m€€‹‹[47m‹[40mﬂ[0m€[1m€€‹‹[47m‹[40mﬂ  [0mﬂ[1mﬂﬂ[47mﬂ[40m€[0mﬂ[1mﬂ  [0mﬂ[1mﬂﬂ[47mﬂ[40m€ [0;36m€€€€€€€€€€€€€€€€€€€€€€€€€€€€€€€€€€€€€€€€‹[3;1Hﬂ€€€€€€ [37m€[1m€€  [0m€[1m€[0m€[1m€€  [47m [40m€[0m€[1m€€€ [0m€[1m€  [0m€[1m€€€ [0m€[1m€ [0;36m€€€€€€€€€€€€€€€€€€€€€€€€€€€€€€€€€€€€€€€€ﬂ[4;1H[8C[37m€[1m€€ﬂﬂﬂﬂ[0m€[1m€€ﬂﬂﬂﬂ [0mﬂ[1mﬂﬂﬂﬂﬂ   [0mﬂ[1mﬂﬂﬂﬂﬂ[0m
