[?7h[40m[2J[C[0;34m‹‹‹‹‹‹‹‹‹‹‹‹‹‹‹‹‹‹‹‹‹‹‹‹‹‹‹‹‹‹‹‹‹‹‹‹‹‹‹‹‹‹‹‹‹‹‹‹‹‹‹‹‹‹‹‹‹‹‹‹‹‹‹‹‹‹‹‹‹‹‹‹‹‹‹‹‹‹[2;1H€[44m [1;37mbASE [36m// [37m                         [0;34m€€€€€€€€€€€€€€€€€€€€€€€€€€€€€€€€€€€€€€€€€[44m [1mﬂ[46m‹[0;34;44mﬂ[40m€€[1;36;44m# ..F[37milename.[36mE[37mxt  [36mS[37mize  [36mP[37mts  [36mD[37mescription [36m..                              [0;34m€€[44m [1m∞ [C[0;34mﬂﬂﬂﬂﬂﬂﬂﬂﬂﬂﬂﬂﬂﬂﬂﬂﬂﬂﬂﬂﬂﬂﬂﬂﬂﬂﬂﬂﬂﬂﬂﬂﬂﬂﬂﬂﬂﬂﬂﬂﬂﬂﬂﬂﬂﬂﬂﬂﬂﬂﬂﬂﬂﬂﬂﬂﬂﬂﬂﬂﬂﬂﬂﬂﬂﬂﬂﬂﬂﬂﬂﬂﬂﬂﬂﬂﬂﬂ[2;11H[1;37;44m%CF[5;1H[40m%NL[0m