[?7h[255D[2B[255D[2A[0;1;30mÄÄÄÄÄÄÄÄÄÄÄÄÄÄÄÄÄÄÄÄÄÄÄÄÄÄÄÄÄÄÄÄÄÄÄÄÄÄÄÄÄÄÄÄÄÄÄÄÄÄÄÄÄÄÄÄÄÄÄÄÄÄÄÄÄÄÄÄÄÄÄÄÄÄÄÄÄÄÄÄ°[37mÜ[47mß[0mÛÛß[1;47mÜ [0mÜ[C[1mÜ[47mß[0mÛÛß[1;47mÜ[0mÛÜ[2C[1mf[30m/[0mlag[C[1mv[30m/[0miew[C[1mt[30m/[0mype[C[1md[30m/[0mownload[C[1mu[30m/[0mpload[C[1m+[30m/[0mflag[C[1mq[30m/[0muit[67D[B[1mß[0mßßß[C[1mÛ[0mÛ[C[1;30m°[37mß[0mßßß[C[1mÛ[0mÛ[C[1;30m°[C[36mC[0;36mommand[C[1;30m[[0m?/more[Chelp!?[1;30m][C[0;36m%03[C[1D[0m