[?7h[40m[2J[0;36mм [37mл[1mлл   [0mл[1mлллл [0;36mм[8C[1;30mк[33CП[15C[0;36mмммммм
л [37mл[1mлл[0mл[1mлл[0mл[1mлммм [0;36mллллллллн[1;30mГ [37mLast Callers to Termite Terrace [30mГ[0;36mолллллллллллллллллллл
 [37mп[1;47mп[40mлппп[0mп[1;47mп[40mлппп [0;36mп[8C[1;30mР[33Cй[15C[0;36mпппппп
[1;30mкФФФФФФФФФФФФФФФФФФФФФФФФФФФФФФФФФФФФФФФФФФФФФФФФФФФФФФФФФФФФФФФФФФФФФФФФФФФФФП[0m
