[?7h[1;1H[62C[0;33m‹[C€‹‹€€[C‹[2;2H[34m‹‹‹‹‹‹‹‹‹‹‹‹‹‹‹‹‹‹‹‹‹‹‹‹‹‹‹‹‹‹‹‹‹‹‹‹‹‹‹‹‹‹‹‹‹‹‹‹‹‹‹‹‹‹‹‹‹‹[C[33m‹ﬁ[1;31;43m±[0;33mﬂ[1;37m‹‹[0;33mﬂ[1;37m‹‹[0;33mﬂ[1;31;43m∞[0;33m›‹[C[34m‹‹‹‹‹[3;1H€[1;37;44m bASE [36m//[37m [filebase name goes here]                   [34m [37m   [0;34m›[33mﬁﬁ[1;31;43m‹[0;33m›[37mﬁ[1;47m≤[40mﬂ€ﬂ€›[0;33mﬁ[1;31;43m‹[0;33m››[34mﬁ[1;44m ‹‹ [0;34;44mﬂ[40m€€[1;36;44m# ..F[37milename.[36mE[37mxt  [36mS[37mize  [36mP[37mts  [36mD[37mescription [36m..[37m            [34m  [0;34m‹[33mﬂﬁ€‹[37mﬂ[1mﬂ[31m‹[37mﬂﬂ[31m‹[47m≤[40m›ﬂ[0;34m‹[1;37;44mLEECH [C[0;34mﬂﬂﬂﬂﬂﬂﬂﬂﬂﬂﬂﬂﬂﬂﬂﬂﬂﬂﬂﬂﬂﬂﬂﬂﬂﬂﬂﬂﬂﬂﬂﬂﬂﬂﬂﬂﬂﬂﬂﬂﬂﬂﬂﬂﬂﬂﬂﬂﬂﬂﬂﬂﬂﬂﬂﬂﬂﬂﬂﬂ[C[33mﬂ[1;31;43mﬂ[40m€ﬂﬂﬂ[43mﬂ[47m‹[40mﬂ[C[0;34mﬂﬂﬂ[1mﬂﬂ[0;34mﬂﬂ[6;65H[33mﬁ[C[31m‹[C[1m›[7;66H[0;33mﬂ[1;31mﬂﬂ[0m