[?7h[40m[2J[0;35m‹€ﬂﬂﬂﬂﬂﬂﬂﬂﬂﬂﬂﬂﬂﬂﬂﬂﬂﬂﬂﬂﬂﬂﬂﬂﬂﬂﬂﬂﬂﬂﬂﬂﬂﬂﬂﬂﬂﬂﬂﬂﬂﬂﬂﬂﬂﬂﬂﬂﬂﬂﬂﬂﬂﬂﬂﬂﬂﬂﬂﬂﬂﬂﬂﬂﬂﬂﬂﬂﬂﬂﬂﬂﬂﬂﬂ€‹[2;1H€[2C[37m‹[1m‹‹‹‹[47m‹[40m€€‹[2C[0m‹[1m‹‹‹‹[47m‹[40m€€‹[3CBase[CName[C:[41C[0;35m€[3;1H[1;30;45m [C[0;31;47m [1;37;40m€€€ﬂ[C[47m [40m€€[2C[0;31;47m [1;37;40m€€€ﬂ[C[47m [40m€€[4CSponsor[3C:[41C[30;45m [4;1H [7C[0;31;47m [1;37;40m€€[8C[0;31;47m [1;37;40m€€[4CMessages[2C:[5CLast[CRead:[26C[0;35m€[5;1H[1;30;45mﬂ[7C[0;31;47m [1;37;40m€€[8C[0;31;47m [1;37;40m€€[4CYou[CPosted:[41C[30;45mﬂ[6;1H[40m€[7C[0mﬂ[1mﬂﬂ[8C[0mﬂ[1mﬂﬂ[4CDate:[9CTime:[33C[30m€[7;1Hﬂ€‹‹‹‹‹‹‹‹‹‹‹‹‹‹‹‹‹‹‹‹‹‹‹‹‹‹‹‹‹‹‹‹‹‹‹‹‹‹‹‹‹‹‹‹‹‹‹‹‹‹‹‹‹‹‹‹‹‹‹‹‹‹‹‹‹‹‹‹‹‹‹‹‹‹‹€ﬂ[2;38H[0m|SN[3;38H|SS[4;38H|NM[14C|LR[5;38H|UP[6;32H|DT[11C|TI[8;1H [0m