[?7h[40m[2J[0;1;36mImpulse[Cnewuser[Capplication[3;1H[0m[A][CHandle[C-[C%OA[4;1HB:[C%OB[5;1HC:[C%OC[6;1HD:[C%OD[7;1HE:[C%OE[8;1HF:[C%OF[9;1HG:[C%OG[10;1HH:[C%OH[11;1HI:[C%OI[12;1HJ:[C%OJ[13;8H‹‹[6C‹‹[14;1H[36m‹[C[37m‹ﬂ[1;47m∞[30m∞[0mﬂ[1;47m±[30m∞[0mﬂ‹[1;47m∞[0mﬂ[1;30;47m∞[0mﬂ€[1;30;47m∞[0mﬂ[C[46m [1;30m∞                      ∞[0;36m‹[15;1H[1;46m∞[C[0mﬂﬂﬂ[2C[1;47m∞ [C[0mﬂﬂﬂ[2C[1;47m∞ [C[30;46m∞  [0;30;46m                      [1;36m∞ [16;1H[0;36mﬂ€[1;46m∞[0;36m€[1;30;46m∞±[C[47m∞ [C[0;36m€€[1;30;46m∞±[C[37;47m± [C[30;46m±                         [0;36mﬂ[17;8H[37mﬂﬂ[6Cﬂﬂ[15;22H[30;46m%OP[0m