[?7h[255D[40m
[0;1m  [0;34mммммммВммммммммммммммммммммммммммммммммммммммммммммммммммммммммммммммммммммм
 ВллВпллллллллллллллл[30;44mImpulse Userlist v.99с By Sexman [TekLordZ][34;40mл[30;44mА[34;40mллВллллллллВл
  пппппппппппппппппппппппппппппппппппппппппппппппппппппВппппппппппппАппппппппп
[1;37m%PA
%CL

[0;34mллплВл [33mм [34mпппппплВлмлп  [1;31mпммп [0;34mплВ [36mллВ [34mВмл [36mпллВп  лпллВ ллппВллпплВл [34mллллллллплллВлВлпм [33mмм  мВўп [34mмпА [1;31mмммВп Вппп[0;34mўмл [36mлпл [34mн[36mм [34mл [36mВмл [34mВ [36mл лВл [34mммВ [36mлВл [34mмммммллллВллллллллВп  [33mўммВпмп [1;37mмм  [31mАмВпп   [0;34mп [1;31mпА[0;34mА [1;36mм  [0;36mппВ[1;37mtm![36mммммммммммм [0;36mпп [34mп п  [1;36mммммм [0;34mпппппппп  [1;36mмммм [0;34mп  [33mпА[1;37mмм [0;33mА [1;37mмлпВл [0;33mм [34mм [1;36mллллллВ [0;34mл [1;36mлллл [0;36mл  [1mллллВллл ппВ лллВлллпллВллл ллллВллплллВлл
 [0;33mп [1;37mлВплм [31mм [37mпп [31mм  [0;34mп [1;36mВлллллл [0;34mВ [1;36mллВл  м ппппппппВллмАлллВллВАллВллВАлллллллАВллВлБ[0;34mАлмм [1;37mпВп   ммп [31mАпВм [36mллллВлл [0;34mл [1;36mлллл АлллллВл [0;36mВ [1mлллл лллллллм  мммм лВллллл [0;34mммммммВВмл [1;31mА мп [37mпп [0;31mАм [1mмлл [36mллВллллА[0;34mп [1;36mлВлл  лВлллВл [0;36mп [1mллВл лВлллВл [0;34mл [1;36mлллВ лллллВл [0;34mпллллллллВм [1;31mлВмА [0;31mппп [1mмлВп [0;34mм[1;36mпАпппппўмллп [0;36mАм [1mпппппппўмлВп   пппппппўмлВпБ[0;34mм[1;36mАппппппп [0;34mлпллВллмл [37mм [1;31mлВллпп п [0mмммп [1;31mммВм Вмм м  [0;36mллВА В [34mВ [36mлВм [34mм [36mмпл л [34mлпл [36mВмм [34mммлпллллллВллллллллВллм [37mп[34mм[1;31mп [30mм[0mпппппп[1;30mм [31mАппп[0;34mм [1;31mмппм [0;34mмВ [36mВлВммл  млмВм  лВлмВ [34mлВл [36mлВл [34mлВллллВллллллмВлллл[1;30mФФФФФФФФФФФФФФФФФФФФФФФФФФФФФФФФФФФФФФФФФФФФФФФФФФФФФФФФФФФФФФФФФФФФФФФФФФФФФФФ[0m
