[?7h[40m[2J[8C[0m€[1m€€€€ [0m‹[1m‹ [0m€[1m€€€€€ﬂ[0m€[1m€€€€€[0m‹[1;47m‹[40m€‹‹‹‹[0mﬂ[1;47mﬂ[40m€€€€ﬂ
[0;36m‹€€€€€€ [37m€[1m€€€€ [0m€[1m€  [0mﬂ[1mﬂﬂﬂ[47mﬂ[40m€[0m€[1m€‹    [0m€[1m€ [0m€[1m€€€ [0mﬂ[1mﬂﬂ[47mﬂ[40m€ [0;36m€€€€€€€€€€€€€€€€€€€€€€€€€€€€€€€€€€‹[3;1Hﬂ€€€€€€ [37m€[1m€€€€ [0m€[1m€ [0m€[1m€€€ [0m€[1m€[0m€[1m€[5C[0m€[1m€    [0m‹[1m‹€€ [0m€[1m€ [0;36m€€€€€€€€€€€€€€€€€€€€€€€€€€€€€€€€€€ﬂ[4;1H[9C[37mﬂ[1mﬂﬂﬂﬂ[47mﬂ[40m€ﬂ [0mﬂ[1mﬂﬂﬂﬂﬂ[0m€[1m€ﬂﬂﬂﬂ [0m€[1m€[5C[0mﬂ[1mﬂﬂﬂﬂﬂ[0m
